== APP - payment-service == 
== APP - payment-service ==   .   ____          _            __ _ _
== APP - payment-service ==  /\\ / ___'_ __ _ _(_)_ __  __ _ \ \ \ \
== APP - payment-service == ( ( )\___ | '_ | '_| | '_ \/ _` | \ \ \ \
== APP - payment-service ==  \\/  ___)| |_)| | | | | || (_| |  ) ) ) )
== APP - payment-service ==   '  |____| .__|_| |_|_| |_\__, | / / / /
== APP - payment-service ==  =========|_|==============|___/=/_/_/_/
== APP - payment-service == 
== APP - payment-service ==  :: Spring Boot ::                (v4.1.1)
== APP - payment-service == 
== APP - payment-service == 2026-09-21T22:03:18.358+05:30  INFO 12340 --- [dapr-payment-service] [           main] c.i.d.p.DaprPaymentServiceApplication    : Starting DaprPaymentServiceApplication v0.0.1-SNAPSHOT using Java 25.0.3 with PID 12340 (D:\Teju-AppData\SpringMicroservices-Projects\dapr-observalibility-poc\dapr-payment-service\target\dapr-payment-service-0.0.1-SNAPSHOT.jar started by Amol in D:\Teju-AppData\SpringMicroservices-Projects\dapr-observalibility-poc\dapr-payment-service)
== APP - payment-service == 2026-09-21T22:03:18.361+05:30  INFO 12340 --- [dapr-payment-service] [           main] c.i.d.p.DaprPaymentServiceApplication    : No active profile set, falling back to 1 default profile: "default"
== APP - payment-service == 2026-09-21T22:03:19.100+05:30  INFO 12340 --- [dapr-payment-service] [           main] o.s.boot.tomcat.TomcatWebServer          : Tomcat initialized with port 8081 (http)
== APP - payment-service == 2026-09-21T22:03:19.110+05:30  INFO 12340 --- [dapr-payment-service] [           main] o.apache.catalina.core.StandardService   : Starting service [Tomcat]
== APP - payment-service == 2026-09-21T22:03:19.110+05:30  INFO 12340 --- [dapr-payment-service] [           main] o.apache.catalina.core.StandardEngine    : Starting Servlet engine: [Apache Tomcat/11.0.24]
== APP - payment-service == 2026-09-21T22:03:19.132+05:30  INFO 12340 --- [dapr-payment-service] [           main] b.w.c.s.WebApplicationContextInitializer : Root WebApplicationContext: initialization completed in 736 ms
== APP - payment-service == 2026-09-21T22:03:19.637+05:30  INFO 12340 --- [dapr-payment-service] [           main] o.s.b.a.e.web.EndpointLinksResolver      : Exposing 1 endpoint beneath base path '/actuator'
== APP - payment-service == 2026-09-21T22:03:19.672+05:30  INFO 12340 --- [dapr-payment-service] [           main] o.s.boot.tomcat.TomcatWebServer          : Tomcat started on port 8081 (http) with context path '/'
== APP - payment-service == 2026-09-21T22:03:19.678+05:30  INFO 12340 --- [dapr-payment-service] [           main] c.i.d.p.DaprPaymentServiceApplication    : Started DaprPaymentServiceApplication in 1.619 seconds (process running for 1.911)
== APP - payment-service == 2026-09-21T22:03:19.722+05:30  INFO 12340 --- [dapr-payment-service] [nio-8081-exec-1] o.a.c.c.C.[Tomcat].[localhost].[/]       : Initializing Spring DispatcherServlet 'dispatcherServlet'
== APP - payment-service == 2026-09-21T22:03:19.722+05:30  INFO 12340 --- [dapr-payment-service] [nio-8081-exec-1] o.s.web.servlet.DispatcherServlet        : Initializing Servlet 'dispatcherServlet'
== APP - payment-service == 2026-09-21T22:03:19.722+05:30  INFO 12340 --- [dapr-payment-service] [nio-8081-exec-1] o.s.web.servlet.DispatcherServlet        : Completed initialization in 0 ms
