== APP - notification-service == 
== APP - notification-service ==   .   ____          _            __ _ _
== APP - notification-service ==  /\\ / ___'_ __ _ _(_)_ __  __ _ \ \ \ \
== APP - notification-service == ( ( )\___ | '_ | '_| | '_ \/ _` | \ \ \ \
== APP - notification-service ==  \\/  ___)| |_)| | | | | || (_| |  ) ) ) )
== APP - notification-service ==   '  |____| .__|_| |_|_| |_\__, | / / / /
== APP - notification-service ==  =========|_|==============|___/=/_/_/_/
== APP - notification-service == 
== APP - notification-service ==  :: Spring Boot ::                (v4.1.1)
== APP - notification-service == 
== APP - notification-service == 2026-09-21T15:13:32.446+05:30  INFO 25760 --- [dapr-notification-service] [           main] i.d.n.DaprNotificationServiceApplication : Starting DaprNotificationServiceApplication v0.0.1-SNAPSHOT using Java 25.0.3 with PID 25760 (D:\Teju-AppData\SpringMicroservices-Projects\dapr-payment-notification-poc\dapr-notification-service\target\dapr-notification-service-0.0.1-SNAPSHOT.jar started by Amol in D:\Teju-AppData\SpringMicroservices-Projects\dapr-payment-notification-poc\dapr-notification-service)
== APP - notification-service == 2026-09-21T15:13:32.449+05:30  INFO 25760 --- [dapr-notification-service] [           main] i.d.n.DaprNotificationServiceApplication : No active profile set, falling back to 1 default profile: "default"
== APP - notification-service == 2026-09-21T15:13:33.521+05:30  INFO 25760 --- [dapr-notification-service] [           main] o.s.boot.tomcat.TomcatWebServer          : Tomcat initialized with port 8082 (http)
== APP - notification-service == 2026-09-21T15:13:33.541+05:30  INFO 25760 --- [dapr-notification-service] [           main] o.apache.catalina.core.StandardService   : Starting service [Tomcat]
== APP - notification-service == 2026-09-21T15:13:33.542+05:30  INFO 25760 --- [dapr-notification-service] [           main] o.apache.catalina.core.StandardEngine    : Starting Servlet engine: [Apache Tomcat/11.0.24]
== APP - notification-service == 2026-09-21T15:13:33.573+05:30  INFO 25760 --- [dapr-notification-service] [           main] b.w.c.s.WebApplicationContextInitializer : Root WebApplicationContext: initialization completed in 1077 ms
== APP - notification-service == 2026-09-21T15:13:34.100+05:30  INFO 25760 --- [dapr-notification-service] [           main] o.s.b.a.e.web.EndpointLinksResolver      : Exposing 1 endpoint beneath base path '/actuator'
== APP - notification-service == 2026-09-21T15:13:34.167+05:30  INFO 25760 --- [dapr-notification-service] [           main] o.s.boot.tomcat.TomcatWebServer          : Tomcat started on port 8082 (http) with context path '/'
== APP - notification-service == 2026-09-21T15:13:34.174+05:30  INFO 25760 --- [dapr-notification-service] [           main] i.d.n.DaprNotificationServiceApplication : Started DaprNotificationServiceApplication in 2.133 seconds (process running for 2.491)
== APP - notification-service == 2026-09-21T15:13:34.336+05:30  INFO 25760 --- [dapr-notification-service] [nio-8082-exec-1] o.a.c.c.C.[Tomcat].[localhost].[/]       : Initializing Spring DispatcherServlet 'dispatcherServlet'
== APP - notification-service == 2026-09-21T15:13:34.337+05:30  INFO 25760 --- [dapr-notification-service] [nio-8082-exec-1] o.s.web.servlet.DispatcherServlet        : Initializing Servlet 'dispatcherServlet'
== APP - notification-service == 2026-09-21T15:13:34.339+05:30  INFO 25760 --- [dapr-notification-service] [nio-8082-exec-1] o.s.web.servlet.DispatcherServlet        : Completed initialization in 2 ms
The App process exited with error code: exit status 0xc000013a

termination signal received: shutting down
Error exiting App: exit status 0xc000013a
